<?xml version="1.0" encoding="utf-8"?><testsuites name="pytest tests"><testsuite name="pytest" errors="0" failures="0" skipped="0" tests="4" time="47.312" timestamp="2025-06-19T19:30:29.560478-04:00" hostname="DESKTOP-4KA53UB"><testcase classname="tests.api.test_api.TestBatchPipeline" name="test_should_failed_unkown_column_1" time="0.030" /><testcase classname="tests.api.test_api.TestBatchPipeline" name="test_should_failed_unkown_column_2" time="0.005" /><testcase classname="tests.api.test_api.TestBatchPipeline" name="test_should_failed_unkown_column_3" time="0.005" /><testcase classname="tests.api.test_api.TestBatchPipeline" name="test_should_get_predict" time="0.023" /></testsuite></testsuites>